// Jest Snapshot v1, https://goo.gl/fbAQLP

exports[` Pruebas en componente <AddCategory debe mostrarse correctanmente 1`] = `
<form
  onSubmit={[Function]}
>
  <p />
  <input
    className="input-field"
    onChange={[Function]}
    type="text"
    value=""
  />
</form>
`;
